{"synthetic": false,
 "schemaVersion": "2025-09-10",
 "outputs":
 {"o": ["6c9c481db69d4d67.olean"],
  "m": false,
  "i": "3787e78e5febd41f.ilean",
  "c": "326745d7aa3bb214.c"},
 "log":
 [{"message":
   ".> LEAN_PATH=C:\\Users\\user01\\Downloads\\TemGeometryPaper\\.lake\\packages\\Cli\\.lake\\build\\lib\\lean;C:\\Users\\user01\\Downloads\\TemGeometryPaper\\.lake\\packages\\batteries\\.lake\\build\\lib\\lean;C:\\Users\\user01\\Downloads\\TemGeometryPaper\\.lake\\packages\\Qq\\.lake\\build\\lib\\lean;C:\\Users\\user01\\Downloads\\TemGeometryPaper\\.lake\\packages\\aesop\\.lake\\build\\lib\\lean;C:\\Users\\user01\\Downloads\\TemGeometryPaper\\.lake\\packages\\proofwidgets\\.lake\\build\\lib\\lean;C:\\Users\\user01\\Downloads\\TemGeometryPaper\\.lake\\packages\\importGraph\\.lake\\build\\lib\\lean;C:\\Users\\user01\\Downloads\\TemGeometryPaper\\.lake\\packages\\LeanSearchClient\\.lake\\build\\lib\\lean;C:\\Users\\user01\\Downloads\\TemGeometryPaper\\.lake\\packages\\plausible\\.lake\\build\\lib\\lean;C:\\Users\\user01\\Downloads\\TemGeometryPaper\\.lake\\packages\\mathlib\\.lake\\build\\lib\\lean;C:\\Users\\user01\\Downloads\\TemGeometryPaper\\.lake\\build\\lib\\lean c:\\Users\\user01\\.elan\\toolchains\\leanprover--lean4---v4.34.1\\bin\\lean.exe C:\\Users\\user01\\Downloads\\TemGeometryPaper\\TemGeometryPaper.lean -o C:\\Users\\user01\\Downloads\\TemGeometryPaper\\.lake\\build\\lib\\lean\\TemGeometryPaper.olean -i C:\\Users\\user01\\Downloads\\TemGeometryPaper\\.lake\\build\\lib\\lean\\TemGeometryPaper.ilean -c C:\\Users\\user01\\Downloads\\TemGeometryPaper\\.lake\\build\\ir\\TemGeometryPaper.c --setup C:\\Users\\user01\\Downloads\\TemGeometryPaper\\.lake\\build\\ir\\TemGeometryPaper.setup.json --json",
   "level": "trace"}],
 "inputs":
 [["deps",
   [["TemGeometryPaper/TemGeometryPaper:extraDep",
     [["@TemGeometryPaper:extraDep", "00000000000006bb"]]],
    ["imports",
     [["Mathlib transitive imports (legacy)", "038f1252b72fc0bc"],
      ["Mathlib:importAllArts", "f26e275ec3461866"]]]]],
  ["libs",
   [["import dynlibs", "00000000000006bb"],
    ["package external libraries", "00000000000006bb"],
    ["module dynlibs", "00000000000006bb"],
    ["module plugins", "00000000000006bb"]]],
  ["Lean 4.34.1, commit 5045d0056413266e57c625dcd7c365b10e377c52",
   "e9f3658beb070375"],
  ["C:\\Users\\user01\\Downloads\\TemGeometryPaper\\TemGeometryPaper.lean",
   "350d9b39f122e92d"],
  ["options",
   [["-DmaxSynthPendingDepth=3", "c78e353d34de85d4"],
    ["-Dweak.linter.mathlibStandardSet=true", "8a155799906f2b42"],
    ["-DrelaxedAutoImplicit=false", "74a2b5546b55be80"],
    ["-Dpp.unicode.fun=true", "9b94070140457fab"]]],
  ["isModule: false", "feefd2a0d3a1847e"],
  ["Module.name: TemGeometryPaper", "35eae6a187493974"],
  ["Package.id?: (some TemGeometryPaper)", "daec53a9b103a0d1"],
  ["Module.leanArgs: #[]", "00000000000006bb"]],
 "depHash": "021db6c0902c9f41"}